b
tfire@DESKTOP-7JTD1MB MINGW64 ~
$ cd git

tfire@DESKTOP-7JTD1MB MINGW64 ~/git (master)
$ cd libro

tfire@DESKTOP-7JTD1MB MINGW64 ~/git/libro (master)
$ git commit -m "Añadido índice del libro."
[master (root-commit) a120e6f] Añadido índice del libro.
 1 file changed, 3 insertions(+)
 create mode 100644 libro/indice.txt

tfire@DESKTOP-7JTD1MB MINGW64 ~/git/libro (master)
$ git status
On branch master
Untracked files:
  (use "git add <file>..." to include in what will be committed)
        ../ejercicio01/
        ../ejercicio02/
        ../ejercicio03/
        ../ejerciciosjava/
        .archivo.txt.swp
        libro/

nothing added to commit but untracked files present (use "git add" to track)

tfire@DESKTOP-7JTD1MB MINGW64 ~/git/libro (master)
$ echo "Capitulo 1: Introduccion a Git" > indice.txt

tfire@DESKTOP-7JTD1MB MINGW64 ~/git/libro (master)
$ echo "Capitulo 2: Flujo de trabajo basico" >> indice.txt

tfire@DESKTOP-7JTD1MB MINGW64 ~/git/libro (master)
$ echo "Capitulo 3: Gestion de ramas" >> indice.txt

tfire@DESKTOP-7JTD1MB MINGW64 ~/git/libro (master)
$ echo "Capitulo 4: Repositorios remotos" >> indice.txt

tfire@DESKTOP-7JTD1MB MINGW64 ~/git/libro (master)
$ cat indice.txt
Capitulo 1: Introduccion a Git
Capitulo 2: Flujo de trabajo basico
Capitulo 3: Gestion de ramas
Capitulo 4: Repositorios remotos

tfire@DESKTOP-7JTD1MB MINGW64 ~/git/libro (master)
$ git commit -m "Añadido capitulo 3 sobre gestion de ramas"
On branch master
Changes not staged for commit:
  (use "git add <file>..." to update what will be committed)
  (use "git restore <file>..." to discard changes in working directory)
        modified:   indice.txt

Untracked files:
  (use "git add <file>..." to include in what will be committed)
        ../ejercicio01/
        ../ejercicio02/
        ../ejercicio03/
        ../ejerciciosjava/
        .archivo.txt.swp
        libro/

no changes added to commit (use "git add" and/or "git commit -a")

tfire@DESKTOP-7JTD1MB MINGW64 ~/git/libro (master)
$ git status
On branch master
Changes not staged for commit:
  (use "git add <file>..." to update what will be committed)
  (use "git restore <file>..." to discard changes in working directory)
        modified:   indice.txt

Untracked files:
  (use "git add <file>..." to include in what will be committed)
        ../ejercicio01/
        ../ejercicio02/
        ../ejercicio03/
        ../ejerciciosjava/
        .archivo.txt.swp
        libro/

no changes added to commit (use "git add" and/or "git commit -a")

tfire@DESKTOP-7JTD1MB MINGW64 ~/git/libro (master)
$ git clone [https://github.com/AngelMenenedezDAM1/sistemas-informaticos.git]
Cloning into 'sistemas-informaticos.git]'...
fatal: protocol '[https' is not supported

tfire@DESKTOP-7JTD1MB MINGW64 ~/git/libro (master)
$ git clone [//github.com/AngelMenenedezDAM1/sistemas-informaticos.git]
fatal: repository '[//github.com/AngelMenenedezDAM1/sistemas-informaticos.git]' does not exist

tfire@DESKTOP-7JTD1MB MINGW64 ~/git/libro (master)
$ git remote add nuevo-remoto[//github.com/AngelMenenedezDAM1/sistemas-informaticos.git]
usage: git remote add [<options>] <name> <url>

    -f, --[no-]fetch      fetch the remote branches
    --[no-]tags           import all tags and associated objects when fetching
                          or do not fetch any tag at all (--no-tags)
    -t, --[no-]track <branch>
                          branch(es) to track
    -m, --[no-]master <branch>
                          master branch
    --[no-]mirror[=(push|fetch)]
                          set up remote as a mirror to push to or fetch from


tfire@DESKTOP-7JTD1MB MINGW64 ~/git/libro (master)
$ git push nuevo-remoto libro
error: src refspec libro does not match any
error: failed to push some refs to 'nuevo-remoto'

tfire@DESKTOP-7JTD1MB MINGW64 ~/git/libro (master)
$ git push -u nuevo-remoto libro
error: src refspec libro does not match any
error: failed to push some refs to 'nuevo-remoto'

tfire@DESKTOP-7JTD1MB MINGW64 ~/git/libro (master)
$ git remote add nuevo-remoto[//github.com/AngelMenenedezDAM1/sistemas-informaticos.git]
usage: git remote add [<options>] <name> <url>

    -f, --[no-]fetch      fetch the remote branches
    --[no-]tags           import all tags and associated objects when fetching
                          or do not fetch any tag at all (--no-tags)
    -t, --[no-]track <branch>
                          branch(es) to track
    -m, --[no-]master <branch>
                          master branch
    --[no-]mirror[=(push|fetch)]
                          set up remote as a mirror to push to or fetch from


tfire@DESKTOP-7JTD1MB MINGW64 ~/git/libro (master)
$ git config --global --list
filter.lfs.smudge=git-lfs smudge -- %f
filter.lfs.process=git-lfs filter-process
filter.lfs.required=true
filter.lfs.clean=git-lfs clean -- %f
user.name=[Angel Menendez]
user.email=[angelplanet440@gmail.com]
difftool.sourcetree.cmd=''
mergetool.sourcetree.cmd=''
mergetool.sourcetree.trustexitcode=true
core.editor="C:\Users\tfire\AppData\Local\Programs\Microsoft VS Code\bin\code" --wait
color.ui=auto

tfire@DESKTOP-7JTD1MB MINGW64 ~/git/libro (master)
$ ^C

tfire@DESKTOP-7JTD1MB MINGW64 ~/git/libro (master)
$
