tfire@DESKTOP-7JTD1MB MINGW64 ~/git/libro (master)
$ git remote add nuevo-remoto[//github.com/AngelMenenedezDAM1/sistemas-informaticos.git]
usage: git remote add [<options>] <name> <url>

    -f, --[no-]fetch      fetch the remote branches
    --[no-]tags           import all tags and associated objects when fetching
                          or do not fetch any tag at all (--no-tags)
    -t, --[no-]track <branch>
                          branch(es) to track
    -m, --[no-]master <branch>
                          master branch
    --[no-]mirror[=(push|fetch)]
                          set up remote as a mirror to push to or fetch from


tfire@DESKTOP-7JTD1MB MINGW64 ~/git/libro (master)
$ git config --global --list
filter.lfs.smudge=git-lfs smudge -- %f
filter.lfs.process=git-lfs filter-process
filter.lfs.required=true
filter.lfs.clean=git-lfs clean -- %f
user.name=[Angel Menendez]
user.email=[angelplanet440@gmail.com]
difftool.sourcetree.cmd=''
mergetool.sourcetree.cmd=''
mergetool.sourcetree.trustexitcode=true
core.editor="C:\Users\tfire\AppData\Local\Programs\Microsoft VS Code\bin\code" --wait
color.ui=auto

tfire@DESKTOP-7JTD1MB MINGW64 ~/git/libro (master)
$ ^C

tfire@DESKTOP-7JTD1MB MINGW64 ~/git/libro (master)
$ git clone https://github.com/asalber/libro-git
Cloning into 'libro-git'...
remote: Enumerating objects: 42, done.
remote: Counting objects: 100% (6/6), done.
remote: Compressing objects: 100% (4/4), done.
remote: Total 42 (delta 2), reused 2 (delta 2), pack-reused 36
Receiving objects: 100% (42/42), 4.55 KiB | 1.14 MiB/s, done.
Resolving deltas: 100% (8/8), done.

tfire@DESKTOP-7JTD1MB MINGW64 ~/git/libro (master)
$ cd libro-git

tfire@DESKTOP-7JTD1MB MINGW64 ~/git/libro/libro-git (master)
$ git reset --hard 8c808
HEAD is now at 8c80810 Añadido capítulo 3 sobre gestión de ramas al índice.

tfire@DESKTOP-7JTD1MB MINGW64 ~/git/libro/libro-git (master)
$ git remote remove origin

tfire@DESKTOP-7JTD1MB MINGW64 ~/git/libro/libro-git (master)
$ git log
commit 8c808102b96843781205b3169444a002878f5b21 (HEAD -> master)
Author: Alfredo Sánchez Alberca <asalber@gmail.com>
Date:   Wed Feb 13 18:05:27 2019 +0100

    Añadido capítulo 3 sobre gestión de ramas al índice.

commit bd7f788903cf1b1adbde028d474068cebb6ac870
Author: Alfredo Sánchez Alberca <asalber@gmail.com>
Date:   Wed Feb 13 17:58:58 2019 +0100

    Añadido índice del libro.

tfire@DESKTOP-7JTD1MB MINGW64 ~/git/libro/libro-git (master)
$ mkdir
mkdir: missing operand
Try 'mkdir --help' for more information.

tfire@DESKTOP-7JTD1MB MINGW64 ~/git/libro/libro-git (master)
$ mkdir capitulos

tfire@DESKTOP-7JTD1MB MINGW64 ~/git/libro/libro-git (master)
$ cd capitulos

tfire@DESKTOP-7JTD1MB MINGW64 ~/git/libro/libro-git/capitulos (master)
$ echo capitulo1.txt
capitulo1.txt

tfire@DESKTOP-7JTD1MB MINGW64 ~/git/libro/libro-git/capitulos (master)
$ echo "Git es un sistema de control de versiones ideado por Linus Torvalds" > capitulo1.txt

tfire@DESKTOP-7JTD1MB MINGW64 ~/git/libro/libro-git/capitulos (master)
$ git add capitulos.txt
fatal: pathspec 'capitulos.txt' did not match any files

tfire@DESKTOP-7JTD1MB MINGW64 ~/git/libro/libro-git/capitulos (master)
$ git add capitulo1.txt
warning: in the working copy of 'capitulos/capitulo1.txt', LF will be replaced by CRLF the next time Git touches it

tfire@DESKTOP-7JTD1MB MINGW64 ~/git/libro/libro-git/capitulos (master)
$ git status
On branch master
Changes to be committed:
  (use "git restore --staged <file>..." to unstage)
        new file:   capitulo1.txt


tfire@DESKTOP-7JTD1MB MINGW64 ~/git/libro/libro-git/capitulos (master)
$ git commit -m "Mensaje del commit"
[master b19c9d5] Mensaje del commit
 1 file changed, 1 insertion(+)
 create mode 100644 capitulos/capitulo1.txt

tfire@DESKTOP-7JTD1MB MINGW64 ~/git/libro/libro-git/capitulos (master)
$ git log
commit b19c9d5292183ba8232dfdf2b4ba05133fc92a9c (HEAD -> master)
Author: [Angel Menendez] <[angelplanet440@gmail.com]>
Date:   Wed Jan 10 13:04:05 2024 +0100

    Mensaje del commit

commit 8c808102b96843781205b3169444a002878f5b21
Author: Alfredo Sánchez Alberca <asalber@gmail.com>
Date:   Wed Feb 13 18:05:27 2019 +0100

    Añadido capítulo 3 sobre gestión de ramas al índice.

commit bd7f788903cf1b1adbde028d474068cebb6ac870
Author: Alfredo Sánchez Alberca <asalber@gmail.com>
Date:   Wed Feb 13 17:58:58 2019 +0100

    Añadido índice del libro.

tfire@DESKTOP-7JTD1MB MINGW64 ~/git/libro/libro-git/capitulos (master)
$ echo "El flujo de trabajo basico con Git consiste en : 1-Hacer cambios en el repositorio.2-Añadir los cambios a la zona de intercambio temporal. 3-Hacer un commit de los cambios." > capitiulo2.txt

tfire@DESKTOP-7JTD1MB MINGW64 ~/git/libro/libro-git/capitulos (master)
$ git add capitulo2.txt
fatal: pathspec 'capitulo2.txt' did not match any files

tfire@DESKTOP-7JTD1MB MINGW64 ~/git/libro/libro-git/capitulos (master)
$ git add capitulo2.txt
fatal: pathspec 'capitulo2.txt' did not match any files

tfire@DESKTOP-7JTD1MB MINGW64 ~/git/libro/libro-git/capitulos (master)
$ list
bash: list: command not found

tfire@DESKTOP-7JTD1MB MINGW64 ~/git/libro/libro-git/capitulos (master)
$ git list
git: 'list' is not a git command. See 'git --help'.

The most similar commands are
        bisect
        rev-list

tfire@DESKTOP-7JTD1MB MINGW64 ~/git/libro/libro-git/capitulos (master)
$ git rev-list
usage: git rev-list [<options>] <commit>... [--] [<path>...]

  limiting output:
    --max-count=<n>
    --max-age=<epoch>
    --min-age=<epoch>
    --sparse
    --no-merges
    --min-parents=<n>
    --no-min-parents
    --max-parents=<n>
    --no-max-parents
    --remove-empty
    --all
    --branches
    --tags
    --remotes
    --stdin
    --exclude-hidden=[fetch|receive|uploadpack]
    --quiet
  ordering output:
    --topo-order
    --date-order
    --reverse
  formatting output:
    --parents
    --children
    --objects | --objects-edge
    --disk-usage[=human]
    --unpacked
    --header | --pretty
    --[no-]object-names
    --abbrev=<n> | --no-abbrev
    --abbrev-commit
    --left-right
    --count
  special purpose:
    --bisect
    --bisect-vars
    --bisect-all

tfire@DESKTOP-7JTD1MB MINGW64 ~/git/libro/libro-git/capitulos (master)
$ git add capitiulo2.txt
warning: in the working copy of 'capitulos/capitiulo2.txt', LF will be replaced by CRLF the next time Git touches it

tfire@DESKTOP-7JTD1MB MINGW64 ~/git/libro/libro-git/capitulos (master)
$ git status
On branch master
Changes to be committed:
  (use "git restore --staged <file>..." to unstage)
        new file:   capitiulo2.txt


tfire@DESKTOP-7JTD1MB MINGW64 ~/git/libro/libro-git/capitulos (master)
$ git commit -m "Añadido capitulo 2"
[master 4150d90] Añadido capitulo 2
 1 file changed, 1 insertion(+)
 create mode 100644 capitulos/capitiulo2.txt

tfire@DESKTOP-7JTD1MB MINGW64 ~/git/libro/libro-git/capitulos (master)
$ git status
On branch master
nothing to commit, working tree clean

tfire@DESKTOP-7JTD1MB MINGW64 ~/git/libro/libro-git/capitulos (master)
$ git status
On branch master
nothing to commit, working tree clean

tfire@DESKTOP-7JTD1MB MINGW64 ~/git/libro/libro-git/capitulos (master)
$ echo "Git permite la creacion de ramas lo que permite tenre distinas versiones del mismo proyecto y trbajar de manera simultanea en ellas " > capitiulo2.txt

tfire@DESKTOP-7JTD1MB MINGW64 ~/git/libro/libro-git/capitulos (master)
$ echo "Git permite la creacion de ramas lo que permite tenre distinas versiones del mismo proyecto y trbajar de manera simultanea en ellas " > capitiulo3.txt

tfire@DESKTOP-7JTD1MB MINGW64 ~/git/libro/libro-git/capitulos (master)
$ git add capitiulo3.txt
warning: in the working copy of 'capitulos/capitiulo3.txt', LF will be replaced by CRLF the next time Git touches it

tfire@DESKTOP-7JTD1MB MINGW64 ~/git/libro/libro-git/capitulos (master)
$ git commit -m "Añadido capitulo 3"
[master dfb405c] Añadido capitulo 3
 1 file changed, 1 insertion(+)
 create mode 100644 capitulos/capitiulo3.txt

tfire@DESKTOP-7JTD1MB MINGW64 ~/git/libro/libro-git/capitulos (master)
$ git status
On branch master
Changes not staged for commit:
  (use "git add <file>..." to update what will be committed)
  (use "git restore <file>..." to discard changes in working directory)
        modified:   capitiulo2.txt

no changes added to commit (use "git add" and/or "git commit -a")

tfire@DESKTOP-7JTD1MB MINGW64 ~/git/libro/libro-git/capitulos (master)
$ echo "Capitulo 5 : Conceptos avanzados " > indice.txt

tfire@DESKTOP-7JTD1MB MINGW64 ~/git/libro/libro-git/capitulos (master)
$ git add capitulo5.txt
fatal: pathspec 'capitulo5.txt' did not match any files

tfire@DESKTOP-7JTD1MB MINGW64 ~/git/libro/libro-git/capitulos (master)
$ git add indice.txt
warning: in the working copy of 'capitulos/indice.txt', LF will be replaced by CRLF the next time Git touches it

tfire@DESKTOP-7JTD1MB MINGW64 ~/git/libro/libro-git/capitulos (master)
$ git add indice.txt

tfire@DESKTOP-7JTD1MB MINGW64 ~/git/libro/libro-git/capitulos (master)
$ git commit -m "Añadido al final del indice el capitulo 5"
[master f340a27] Añadido al final del indice el capitulo 5
 1 file changed, 1 insertion(+)
 create mode 100644 capitulos/indice.txt

tfire@DESKTOP-7JTD1MB MINGW64 ~/git/libro/libro-git/capitulos (master)
$ git status
On branch master
Changes not staged for commit:
  (use "git add <file>..." to update what will be committed)
  (use "git restore <file>..." to discard changes in working directory)
        modified:   capitiulo2.txt

no changes added to commit (use "git add" and/or "git commit -a")

tfire@DESKTOP-7JTD1MB MINGW64 ~/git/libro/libro-git/capitulos (master)
$
